// Jest Snapshot v1, https://goo.gl/fbAQLP

exports[`Movie banner component should render movie banner 1`] = `
<div>
  <div
    class="movieBanner"
  >
    <div
      class="titleBar"
    >
      <h3
        class="pageTitle"
      >
        netflixRoulette
      </h3>
      <div
        class="searchIcon"
      >
        <svg
          fill="currentColor"
          height="30"
          stroke="currentColor"
          stroke-width="0"
          viewBox="0 0 512 512"
          width="30"
          xmlns="http://www.w3.org/2000/svg"
        >
          <path
            d="M505 442.7L405.3 343c-4.5-4.5-10.6-7-17-7H372c27.6-35.3 44-79.7 44-128C416 93.1 322.9 0 208 0S0 93.1 0 208s93.1 208 208 208c48.3 0 92.7-16.4 128-44v16.3c0 6.4 2.5 12.5 7 17l99.7 99.7c9.4 9.4 24.6 9.4 33.9 0l28.3-28.3c9.4-9.4 9.4-24.6.1-34zM208 336c-70.7 0-128-57.2-128-128 0-70.7 57.2-128 128-128 70.7 0 128 57.2 128 128 0 70.7-57.2 128-128 128z"
          />
        </svg>
      </div>
    </div>
    <div
      class="infoPart"
    >
      <img
        alt="alt"
        class="image"
        src="https://image.tmdb.org/t/p/w500/vDwphkloD7ToaDpKASAXGgHOclN.jpg"
      />
      <div
        class="movieInfo"
      >
        <div
          class="firstRow"
        >
          <h1
            class="title"
          >
            Cool Hand Luke
          </h1>
          <span
            class="vote_average"
          >
            7.7
          </span>
        </div>
        <p
          class="genre"
        >
          Crime, Drama
        </p>
        <div
          class="secondRow"
        >
          <h3
            class="release_date"
          >
            1967-06-22
          </h3>
          <h3
            class="runtime"
          >
            126
             min
          </h3>
        </div>
        <div
          class="thirdRow"
        >
          <p
            class="overview"
          >
            When petty criminal Luke Jackson is sentenced to two years in a Florida prison farm, he doesn't play by the rules of either the sadistic warden or the yard's resident heavy, Dragline, who ends up admiring the new guy's unbreakable will. Luke's bravado, even in the face of repeated stints in the prison's dreaded solitary confinement cell, "the box," make him a rebel hero to his fellow convicts and a thorn in the side of the prison officers.
          </p>
        </div>
      </div>
    </div>
  </div>
</div>
`;
