// Jest Snapshot v1, https://goo.gl/fbAQLP

exports[`LoginPage should render component 1`] = `
<div>
  <div>
    <div>
      Container
    </div>
  </div>
</div>
`;
